# /u2/cvs/Apresenta��o Propostas PADR�O ENOENT
! /u2/cvs/Demhab/DemhabSuite/Stores/Regions/Agenda_de_Pagamentos_Com_Isen��o.bmp,v ENOENT
! /u2/cvs/Demhab/DemhabSuite/Stores/Regions/Altera_Endere�o_Cobran�a.bmp,v ENOENT
! /u2/cvs/Demhab/DemhabSuite/Stores/Regions/Amortiza��o_Na_Presta��o.bmp,v ENOENT
! /u2/cvs/Demhab/DemhabSuite/Stores/Regions/Amortiza��o_No_Prazo.bmp,v ENOENT
! /u2/cvs/Demhab/DemhabSuite/Stores/Regions/Atraso_Com_Isen��o.bmp,v ENOENT
! /u2/cvs/Demhab/DemhabSuite/Stores/Regions/Atraso_Sem_Isen��o.bmp,v ENOENT
! /u2/cvs/Demhab/DemhabSuite/Stores/Regions/Atualiza��o_de_Indice_Bacen.bmp,v ENOENT
! /u2/cvs/Demhab/DemhabSuite/Stores/Regions/Calculo_Quita��o.bmp,v ENOENT
! /u2/cvs/Demhab/DemhabSuite/Stores/Regions/Calculo_da_Amortiza��o_Extra.bmp,v ENOENT
! /u2/cvs/Demhab/DemhabSuite/Stores/Regions/Emiss�o_Recibo_Consolidado.bmp,v ENOENT
! /u2/cvs/Demhab/DemhabSuite/Stores/Regions/Evolu��o_Teorica.bmp,v ENOENT
! /u2/cvs/Demhab/DemhabSuite/Stores/Regions/Ocorrencia_Reimplanta��o.bmp,v ENOENT
! /u2/cvs/Demhab/DemhabSuite/Stores/Regions/Presta��es_Devidas_10_parcelas.bmp,v ENOENT
! /u2/cvs/Demhab/DemhabSuite/Stores/Regions/Presta��es_Devidas_Isen��o_Total.bmp,v ENOENT
! /u2/cvs/Demhab/DemhabSuite/Stores/Regions/Presta��es_Devidas_Outra_Data.bmp,v ENOENT
! /u2/cvs/Demhab/DemhabSuite/Stores/Regions/Presta��es_Devidas_Sem_Isen��o.bmp,v ENOENT
! /u2/cvs/Demhab/DemhabSuite/Stores/Regions/Presta��es_Devidas_Valor_Definido.bmp,v ENOENT
! /u2/cvs/Demhab/DemhabSuite/Stores/Regions/Presta��es_Pagas.bmp,v ENOENT
! /u2/cvs/Demhab/DemhabSuite/Stores/Regions/Situa��o_Especial.bmp,v ENOENT
! /u2/cvs/Demhab/DemhabSuite/Stores/Regions/Titulo_da_Amortiza��o_Extra.bmp,v ENOENT
! /u2/cvs/Demhab/DemhabSuite/Stores/Regions/Tramita��o_Juridica.bmp,v ENOENT
! /u2/cvs/SfhChar/Library/C�pia de container_animacao_de_impressao.pkg,v ENOENT
! /u2/cvs/Testes_Automatizados/supsp/Bat_roteiros_individuais/ITAU-ATACADO_22_Tela_Hist�ricos.bat,v ENOENT
! /u2/cvs/Testes_Automatizados/supsp/side/Daycoval_78_Teste_corre��o_de_campo.side,v ENOENT
! /u2/cvs/Testes_Automatizados/supsp/side/ITAU-ATACADO_22_Tela_Hist�ricos.side,v ENOENT
! /u2/cvs/analise/Documentacao/An�lise Incorporadora PARADISO_scat1885.zip,v ENOENT
! /u2/cvs/analise/Documentacao/Termo de Securitiza��o com regime - Padr�o.doc,v ENOENT
! /u2/cvs/analise/Documentacao/Termo de Securitiza��o sem regime - Padr�o.doc,v ENOENT
! /u2/cvs/analise/manuais/Como interpretar as mensagens de erro de Critica do M�dulo Originador.doc,v ENOENT
! /u2/cvs/analise/manuais/Instru��es de Preenchimento do Layout Incorporador.doc,v ENOENT
! /u2/cvs/analise/manuais/Instru��es de Preenchimento do Layout Loteador.doc,v ENOENT
! /u2/cvs/analise/manuais/Manual do Sistema An�lise de Credito - M�dulo An�lise.doc,v ENOENT
! /u2/cvs/analise/manuais/Manual do Sistema An�lise de Credito - M�dulo Originador.doc,v ENOENT
# /u2/cvs/contratos-padrao/Licen�a de Uso ENOENT
# /u2/cvs/contratos-padrao/Licen�a de Uso e Processamento de Dados ENOENT
! /u2/cvs/contratos-padrao/Originacao/Contrato Padr�o Origina��o.doc,v ENOENT
# /u2/cvs/contratos-padrao/Origina��o ENOENT
! /u2/cvs/contratos-padrao/Processamento de  Dados/Contrato PADR�O Processamento de Dados.odt,v ENOENT
! /u2/cvs/contratos-padrao/SisAt/Attic/Contrato Padr�o SisAt.doc,v ENOENT
! /u2/cvs/contratos-padrao/SisAt/Attic/ContratoPadr�oSisAt.doc,v ENOENT
! /u2/cvs/contratos-padrao/SisAt/Contrato Padr�o SisAt.odt,v ENOENT
! /u2/cvs/contratos-padrao/modelo de distrato com prestadores de servi�os.doc,v ENOENT
! /u2/cvs/delphilib/RBuilder/12.02/instru��es.txt,v ENOENT
! /u2/cvs/delphilib/RBuilder/12.05/instala��o.txt,v ENOENT
# /u2/cvs/delphilib/WPTools/Distribui�o da Vers�o 5.30.3 ENOENT
# /u2/cvs/delphilib/WPTools/Distribui��o da Vers�o 4.22 ENOENT
# /u2/cvs/delphilib/WPTools/Distribui��o da Vers�o 4.25 ENOENT
! /u2/cvs/delphilib/WPViewPDF/Attic/Licen�a WPViewPDF.txt,v ENOENT
! /u2/cvs/descricoes/DESCRI��O T�CNICA CIP.doc,v ENOENT
! /u2/cvs/descricoes/DESCRI��O T�CNICA FCVS7.doc,v ENOENT
# /u2/cvs/desenv-documentos/Convers�o - Interbase ENOENT
! /u2/cvs/doc_clientes/cccpmm/htmlsisat/Pend�ncias.htm,v ENOENT
! /u2/cvs/doc_clientes/larcky/Modelo de e-mail de convoca��o para vistoria.htm,v ENOENT
! /u2/cvs/doc_clientes/larcky/Modelo de e-mail para correspond�ncia e repasse.htm,v ENOENT
! /u2/cvs/evp/bin/Attic/C�pia de EVP_BACK.jpg,v ENOENT
! /u2/cvs/evp/conversao/ocs/Roteiro de Convers�o do OCS para o EVP.txt,v ENOENT
! /u2/cvs/evp/conversao/sisdoc/Roteiro de Convers�o do SISDOC para o EVP.txt,v ENOENT
! /u2/cvs/evp/scatinternet/Html/images/rejeitar solicita��o.jpg,v ENOENT
# /u2/cvs/lost+found EACCES
# /u2/cvs/proglib/Imagens/Bot�es ENOENT
# /u2/cvs/proglib_w5/Imagens/Bot�es ENOENT
! /u2/cvs/proposta-padrao/Analisa/Attic/Proposta PADR�O ANALISA.doc,v ENOENT
! /u2/cvs/proposta-padrao/Analisa/Proposta PADR�O ANALISA.doc,v ENOENT
! /u2/cvs/proposta-padrao/Analisa/Proposta PADR�O ANALISA.odt,v ENOENT
! /u2/cvs/proposta-padrao/Licenca de Uso/Attic/Proposta PADR�O Licen�a de Uso_SCCI7.doc,v ENOENT
! /u2/cvs/proposta-padrao/Processamento de Dados/Attic/PROPOSTA PADR�O PARA PROCESSAMENTO DE DADOS .doc,v ENOENT
! /u2/cvs/proposta-padrao/Processamento de Dados/Attic/Proposta PADR�O Processamento de Dados .doc,v ENOENT
# /u2/cvs/sacre/Documenta��o ENOENT
! /u2/cvs/sacre/Plano/Plano do Projeto vers�o 106.rtf,v ENOENT
! /u2/cvs/sacre/Plano/Plano do Projeto vers�o 113.rtf,v ENOENT
! /u2/cvs/sacre/Plano/Plano do Projeto vers�o 114.rtf,v ENOENT
! /u2/cvs/sacre/Plano/Plano do Projeto vers�o 116.rtf,v ENOENT
! /u2/cvs/sacre/Plano/Plano do Projeto vers�o 118.rtf,v ENOENT
# /u2/cvs/sacre/Programas/Objetos de Neg�cio ENOENT
# /u2/cvs/sacre/Scripts de Atualiza��o ENOENT
! /u2/cvs/sacre/manual/Roteiro de Instala��o do banco de dados do SACRe.doc,v ENOENT
! /u2/cvs/scci/arqs/ailos/Documentos/Cr�dito Imobili�rio - Aquisi��o - Clausulas especiais - Sem IQ.rtf,v ENOENT
! /u2/cvs/scci/arqs/ailos/Documentos/Cr�dito Imobili�rio - Aquisi��o - Clausulas especiais.rtf,v ENOENT
! /u2/cvs/scci/arqs/ailos/Documentos/Cr�dito Imobili�rio - Aquisi��o - Sem IQ.rtf,v ENOENT
! /u2/cvs/scci/arqs/ailos/Documentos/Cr�dito Imobili�rio - Aquisi��o.rtf,v ENOENT
! /u2/cvs/scci/arqs/band/arqctr/15�.arqctr,v ENOENT
! /u2/cvs/scci/arqs/band/arqctr/16� lote.arqctr,v ENOENT
! /u2/cvs/scci/arqs/band/arqctr/6� Lote.arqctr,v ENOENT
! /u2/cvs/scci/arqs/band/arqctr/Ctrs 10� Lote.arqctr,v ENOENT
! /u2/cvs/scci/arqs/band/arqctr/Ctrs 11� Lote.arqctr,v ENOENT
! /u2/cvs/scci/arqs/band/arqctr/Ctrs 14� Lote.arqctr,v ENOENT
! /u2/cvs/scci/arqs/band/arqctr/Ctrs 1�Lote.arqctr,v ENOENT
! /u2/cvs/scci/arqs/band/arqctr/Ctrs 4� Lote.arqctr,v ENOENT
! /u2/cvs/scci/arqs/band/arqctr/Ctrs.12� Lote.arqctr,v ENOENT
! /u2/cvs/scci/arqs/band/arqctr/Ctrs.13� Lote.arqctr,v ENOENT
! /u2/cvs/scci/arqs/band/arqctr/Ctrs.1� Lote.arqctr,v ENOENT
! /u2/cvs/scci/arqs/band/arqctr/Ctrs.7� Lote.arqctr,v ENOENT
! /u2/cvs/scci/arqs/band/arqctr/Ctrs.9� Lote.arqctr,v ENOENT
! /u2/cvs/scci/arqs/band/arqctr/Ctrs.migra��o.arqctr,v ENOENT
! /u2/cvs/scci/arqs/band/arqctr/Emi_N�o_Pago_022010.arqctr,v ENOENT
! /u2/cvs/scci/arqs/band/arqctr/Garantia Ret Da�.arqctr,v ENOENT
! /u2/cvs/scci/arqs/band/arqctr/Identifica��o Contrmut.arqctr,v ENOENT
! /u2/cvs/scci/arqs/band/arqctr/N�cleo 093.arqctr,v ENOENT
! /u2/cvs/scci/arqs/band/arqctr/Rol de Ctrs.Descri��o Vazia.arqctr,v ENOENT
! /u2/cvs/scci/arqs/band/arqctr/rol creditos sem habilita��o v1.arqctr,v ENOENT
! /u2/cvs/scci/arqs/band/arqctr/rol creditos sem habilita��o.arqctr,v ENOENT
! /u2/cvs/scci/arqs/band/arqctr/rol cr�ditos sem habilit.arqctr,v ENOENT
! /u2/cvs/scci/arqs/banese/originacao/Obrigatorios/Declara��o de Isen��o do Imposto de Renda.html,v ENOENT
! /u2/cvs/scci/arqs/banese/originacao/Obrigatorios/Declara��o de capacidade de pagamento.html,v ENOENT
! /u2/cvs/scci/arqs/banese/originacao/Obrigatorios/FGTS/FGTS - Autoriza��o para movimenta��o de FGTS para aquisi��o.html,v ENOENT
! /u2/cvs/scci/arqs/banese/originacao/Obrigatorios/FGTS/FGTS - Declara��o de n�o propriedade de outro im�vel para utiliza��o.html,v ENOENT
! /u2/cvs/scci/arqs/banese/originacao/Obrigatorios/Formul�rio da Proposta de Cr�dito Imobili�rio - Portabilidade.html,v ENOENT
! /u2/cvs/scci/arqs/banese/originacao/Obrigatorios/Formul�rio da Proposta de Cr�dito Imobili�rio.html,v ENOENT
! /u2/cvs/scci/arqs/banese/originacao/Obrigatorios/Op��o de venda.html,v ENOENT
! /u2/cvs/scci/arqs/banese/originacao/Obrigatorios/Seguros/001/Proposta de ades�o ao seguro-Excelsior.html,v ENOENT
! /u2/cvs/scci/arqs/banese/originacao/Obrigatorios/Seguros/002/Proposta de ades�o ao seguro-MAPFRE.html,v ENOENT
! /u2/cvs/scci/arqs/banese/originacao/Obrigatorios/UniaoEstavel/Declara��o de Uni�o est�vel.html,v ENOENT
! /u2/cvs/scci/arqs/leglink/C�lculo da primeira presta��o no plano 101-PME TP.html,v ENOENT
! /u2/cvs/scci/arqs/leglink/C�lculo da primeira presta��o no plano 102-PME SAC.html,v ENOENT
! /u2/cvs/scci/arqs/leglink/C�lculo da primeira presta��o no plano 11-PES TP.html,v ENOENT
! /u2/cvs/scci/arqs/leglink/C�lculo da primeira presta��o no plano 111-GEN TP.html,v ENOENT
! /u2/cvs/scci/arqs/leglink/C�lculo da primeira presta��o no plano 112-GEN SAC.html,v ENOENT
! /u2/cvs/scci/arqs/leglink/C�lculo da primeira presta��o no plano 116-GEN SACRE.html,v ENOENT
! /u2/cvs/scci/arqs/leglink/C�lculo da primeira presta��o no plano 12-PES SAC.html,v ENOENT
! /u2/cvs/scci/arqs/leglink/C�lculo da primeira presta��o no plano 126-PR SACRE.html,v ENOENT
! /u2/cvs/scci/arqs/leglink/C�lculo da primeira presta��o no plano 13-PES SAM.html,v ENOENT
! /u2/cvs/scci/arqs/leglink/C�lculo da primeira presta��o no plano 131-PJF TP.html,v ENOENT
! /u2/cvs/scci/arqs/leglink/C�lculo da primeira presta��o no plano 14-PES SIMC.html,v ENOENT
! /u2/cvs/scci/arqs/leglink/C�lculo da primeira presta��o no plano 15-PES GRAD.html,v ENOENT
! /u2/cvs/scci/arqs/leglink/C�lculo da primeira presta��o no plano 16-PES SACRE.html,v ENOENT
! /u2/cvs/scci/arqs/leglink/C�lculo da primeira presta��o no plano 19-Plano A.html,v ENOENT
! /u2/cvs/scci/arqs/leglink/C�lculo da primeira presta��o no plano 21-PCM TP.html,v ENOENT
! /u2/cvs/scci/arqs/leglink/C�lculo da primeira presta��o no plano 22-PCM SAC.html,v ENOENT
! /u2/cvs/scci/arqs/leglink/C�lculo da primeira presta��o no plano 23-PCM SAM.html,v ENOENT
! /u2/cvs/scci/arqs/leglink/C�lculo da primeira presta��o no plano 31-URP TP.html,v ENOENT
! /u2/cvs/scci/arqs/leglink/C�lculo da primeira presta��o no plano 41-PAM TP.html,v ENOENT
! /u2/cvs/scci/arqs/leglink/C�lculo da primeira presta��o no plano 42-PAM SAC.html,v ENOENT
! /u2/cvs/scci/arqs/leglink/C�lculo da primeira presta��o no plano 46-PAM SACRE.html,v ENOENT
! /u2/cvs/scci/arqs/leglink/C�lculo da primeira presta��o no plano 51-PET TP.html,v ENOENT
! /u2/cvs/scci/arqs/leglink/C�lculo da primeira presta��o no plano 61-HIP TP.html,v ENOENT
! /u2/cvs/scci/arqs/leglink/C�lculo da primeira presta��o no plano 71-PCR TP.html,v ENOENT
! /u2/cvs/scci/arqs/leglink/C�lculo da primeira presta��o no plano 72-PCR SAC.html,v ENOENT
! /u2/cvs/scci/arqs/leglink/C�lculo da primeira presta��o no plano 76-PCR SACRE.html,v ENOENT
! /u2/cvs/scci/arqs/leglink/C�lculo da primeira presta��o no plano 81-PCS TP.html,v ENOENT
! /u2/cvs/scci/arqs/leglink/C�lculo da primeira presta��o no plano 86-PCS SACRE.html,v ENOENT
! /u2/cvs/scci/arqs/leglink/C�lculo da primeira presta��o no plano 91-TOC TP.html,v ENOENT
! /u2/cvs/scci/arqs/leglink/C�lculo da primeira presta��o no plano 98-Aluguel.html,v ENOENT
! /u2/cvs/scci/arqs/xmltelas/Attic/C�pia de finalizartarefa.xml,v ENOENT
! /u2/cvs/scci/doc/Im�veis Vagos - Cont�bil - An�lise.doc,v ENOENT
! /u2/cvs/scci/doc/Projeto Futura Aquisi��o.rtf,v ENOENT
! /u2/cvs/scci/doc/Projeto Implementa��o de contrato de S�ries no SCCI.rtf,v ENOENT
! /u2/cvs/scci/doc/Roteiro de teste de vers�o para o SCCI.doc,v ENOENT
# /u2/cvs/scci/manuais/implanta��o ENOENT
# /u2/cvs/scci/manuais/relat�rios ENOENT
# /u2/cvs/scci/manuais/usu�rio ENOENT
! /u2/cvs/scci/mod27/Plano/plano Cont�bilCEF.rtf,v ENOENT
! /u2/cvs/scci/mod31/requisitos/Cobran�a Gen�rica de Taxas nas emiss�es de 1a e 2.doc,v ENOENT
! /u2/cvs/scci/originacaoweb/banese/cgi-bin/Autoriza��o para avalia��o do im�vel.html,v ENOENT
! /u2/cvs/scci/originacaoweb/banese/cgi-bin/Autoriza��o para movimenta��o de FGTS para aquisi��o.html,v ENOENT
! /u2/cvs/scci/originacaoweb/banese/cgi-bin/Declara��o de Isen��o do Imposto de Renda.html,v ENOENT
! /u2/cvs/scci/originacaoweb/banese/cgi-bin/Declara��o de Uni�o est�vel.html,v ENOENT
! /u2/cvs/scci/originacaoweb/banese/cgi-bin/Declara��o de capacidade de pagamento.html,v ENOENT
! /u2/cvs/scci/originacaoweb/banese/cgi-bin/Declara��o de n�o propriedade de outro im�vel para utiliza��o do FGTS.html,v ENOENT
! /u2/cvs/scci/originacaoweb/banese/cgi-bin/Formul�rio da Proposta de Cr�dito Imobili�rio.html,v ENOENT
! /u2/cvs/scci/originacaoweb/banese/cgi-bin/Op��o de venda - Vendedor.html,v ENOENT
! /u2/cvs/scci/originacaoweb/banese/cgi-bin/Proposta de ades�o ao seguro-Excelsior.html,v ENOENT
! /u2/cvs/scci/originacaoweb/banese/cgi-bin/Proposta de ades�o ao seguro-MAPFRE.html,v ENOENT
! /u2/cvs/scci/originacaoweb/barigui/images/info - C-�pia.gif,v ENOENT
! /u2/cvs/scci/originacaoweb/barigui/images/info - C�pia.gif,v ENOENT
! /u2/cvs/scci/originacaoweb/barigui/images/info - C�pia.gif,v ENOENT
! /u2/cvs/scci/originacaoweb/bmg/images/info - C�pia.gif,v ENOENT
! /u2/cvs/scci/originacaoweb/bmg/images/info - C�pia.gif,v ENOENT
! /u2/cvs/scci/originacaoweb/domus/images/info - C�+�pia.gif,v ENOENT
! /u2/cvs/scci/originacaoweb/domus/images/info - C�pia.gif,v ENOENT
! /u2/cvs/scci/originacaoweb/domus/images/info - C�pia.gif,v ENOENT
! /u2/cvs/scci/originacaoweb/prognum/images/info - C�pia.gif,v ENOENT
! /u2/cvs/scci/scciweb/cohabsp/cgi-bin/Attic/Aviso de inclus�o no SPC.mht,v ENOENT
! /u2/cvs/scci/scciweb/maxima/Regras_Par�metros_Produto_SCCI.pdf,v ENOENT
# /u2/cvs/scci/testes/empres�rio ENOENT
# /u2/cvs/scci/testes/manuten��o ENOENT
# /u2/cvs/scci/testes/origina��o ENOENT
# /u2/cvs/scci/testes/produ��o ENOENT
# /u2/cvs/scci/testes/relat�rios ENOENT
! /u2/cvs/scciclient/compila��o.txt,v ENOENT
# /u2/cvs/sccigraf/Scripts de Atualiza��o ENOENT
! /u2/cvs/sccigraf/documentos/Roteiro de convers�o do CIP para o padr�o CLIENT.doc,v ENOENT
! /u2/cvs/sccigraf/documentos/Vers�o do SACRE para o padr�o CLIENT na Cohapar.doc,v ENOENT
! /u2/cvs/sccigraf/documentos/Vers�o do SISAT para o padr�o CLIENT na Cohab-Bandeirante.doc,v ENOENT
! /u2/cvs/sccigraf/documentos/Vers�o do SISAT para o padr�o CLIENT.doc,v ENOENT
# /u2/cvs/scis/Script de Atualiza��o ENOENT
! /u2/cvs/scis/prototipos/tramitacao20040210/TRAMITA��O SCIS.xls,v ENOENT
! /u2/cvs/scis/serasa/Documentacao/Documenta��o_String_RELATO_IP20_02102002.zip,v ENOENT
! /u2/cvs/scis/serasa/Documentacao/Documenta��o_String_RELATO_IP20_02102002.doc,v ENOENT
! /u2/cvs/scis/serasa/Documentacao/Informa��es - IBM WebSphere MQ.doc,v ENOENT
! /u2/cvs/sicor/Documentos/Defini��o da evolu��o dos valores projetados.xls,v ENOENT
# /u2/cvs/sicor/Scripts de Atualiza��o ENOENT
! /u2/cvs/siq/Documentacao/SIQ - L�gica do Gr�fico de indicadores.txt,v ENOENT
# /u2/cvs/siq/Scripts de Atualiza��o ENOENT
! /u2/cvs/suporte/propostas/CEF/PropostaT�cnica2007_1025.docx,v ENOENT
! /u2/cvs/suporte/propostas/QUBO/Proposta_T�cnica_Origina��o+SCCI+FCVS.docx,v ENOENT
! /u2/cvs/suporte/propostas/QUBO/Proposta_T�cnica_Origina��o+SCCI+FCVS.pdf,v ENOENT
! /u2/cvs/suporte/propostas/mercantil/Proposta T�cnica.docx,v ENOENT
! /u2/cvs/suporte/propostas/mercantil/Proposta T�cnica.pdf,v ENOENT
# /u2/cvs/telefone/Componentes Delphi 6/Novo Padr�o ENOENT
# /u2/cvs/telefone/Componentes Delphi 6/Objetos de Neg�cio ENOENT
! /u2/cvs/testcomplete/TESTES2018/TESTES MENSAIS/COHABCT/C�pia de COHABCT.mds,v ENOENT
! /u2/cvs/testcomplete/TESTES2018/TESTES MENSAIS/PIEMONTE/Stores/Regions/ATRASO_COM_ISEN��O.bmp,v ENOENT
! /u2/cvs/testcomplete/TESTES2018/TESTES MENSAIS/PIEMONTE/Stores/Regions/Altera_Confere_Endereco_Cobran�a.bmp,v ENOENT
! /u2/cvs/testcomplete/TESTES2018/TESTES MENSAIS/PIEMONTE/Stores/Regions/Cadastra_Confere_Dados_Cobran�a.bmp,v ENOENT
! /u2/cvs/testcomplete/TESTES2018/TESTES MENSAIS/PIEMONTE/Stores/Regions/Evolu��o_Renegocia��o.bmp,v ENOENT
! /u2/cvs/testcomplete/TESTES2018/TESTES MENSAIS/PIEMONTE/Stores/Regions/Evolu��o_Renegocia��o_Cancelada.bmp,v ENOENT
! /u2/cvs/testcomplete/TESTES2018/TESTES MENSAIS/PIEMONTE/Stores/Regions/Parcelas_Renegocia��o.bmp,v ENOENT
! /u2/cvs/testcomplete/TESTES2018/TESTES MENSAIS/PIEMONTE/Stores/Regions/Presta��es_Devidas.bmp,v ENOENT
! /u2/cvs/testcomplete/TESTES2018/TESTES MENSAIS/PIEMONTE/Stores/Regions/Presta��es_Pagas.bmp,v ENOENT
! /u2/cvs/testcomplete/TESTES2018/TESTES MENSAIS/PIEMONTE/Stores/Regions/Quita��o.bmp,v ENOENT
! /u2/cvs/testcomplete/scciwindows/COHABSC ANEXO I-B/Stores/Regions/EVOLU��O AP�S ATUALIZA��O DO CADASTRO DE PRODU��O.bmp,v ENOENT
! /u2/cvs/testcomplete/scciwindows/COHABSC ANEXO I-B/Stores/Regions/EVOLU��O AP�S LAN�AR A TRANSFER�NCIA.bmp,v ENOENT
! /u2/cvs/testcomplete/scciwindows/COHABSC ANEXO I-B/Stores/Regions/EVOLU��O AP�S RETORNAR TAXA DE JUROS.bmp,v ENOENT
! /u2/cvs/testcomplete/scciwindows/COHABSC ANEXO I-B/Stores/Regions/EVOLU��O AP�S SUBROGA��O 10150.bmp,v ENOENT
! /u2/cvs/testcomplete/scciwindows/COHABSC ANEXO I-B/Stores/Regions/EVOLU��O AP�S SUBROGA��O PELA 10150.bmp,v ENOENT
! /u2/cvs/testcomplete/scciwindows/COHABSC ANEXO I-B/Stores/Regions/EVOLU��O AP�S SUBROGA��O SEM RECALCULAR A PRESTA��O.bmp,v ENOENT
! /u2/cvs/testcomplete/scciwindows/COHABSC ANEXO I-B/Stores/Regions/EVOLU��O COM REAJUSTE MENSAL TABELA IPC-FIPE.bmp,v ENOENT
! /u2/cvs/testcomplete/scciwindows/COHABSC ANEXO I-B/Stores/Regions/EVOLU��O PARA CONTRATO MENSAL CODREAJ 23.bmp,v ENOENT
! /u2/cvs/testcomplete/scciwindows/COHABSC ANEXO I-B/Stores/Regions/EVOLU��O PXN.bmp,v ENOENT
! /u2/cvs/testcomplete/scciwindows/COHABSC ANEXO I-B/Stores/Regions/EVOLU��O SUBROGA��O 10150.bmp,v ENOENT
! /u2/cvs/testcomplete/scciwindows/COHABSC ANEXO I-B/Stores/Regions/EVOLU��O SUBROGA��O SEM RECALCULO.bmp,v ENOENT
! /u2/cvs/testcomplete/scciwindows/COHABSC ANEXO I-B/Stores/Regions/EVOLU��O TRANSFER�NCIA.bmp,v ENOENT
! /u2/cvs/testcomplete/scciwindows/COHABSC ANEXO I-B/Stores/Regions/RELAT�RIO DE EVOLU��O PADR�O FCVS.bmp,v ENOENT
! /u2/cvs/testcomplete/scciwindows/COHABSC ANEXO I-B/Stores/Regions/RELAT�RIO PADR�O FCVS.bmp,v ENOENT
! /u2/cvs/testcomplete/scciwindows/COHABSC ANEXO I-B/Stores/Regions/TELA COM O FINANCIAMENTO AP�S A TRANSFER�NCIA.bmp,v ENOENT
! /u2/cvs/testcomplete/scciwindows/COHABSC ANEXO I-B/Stores/Regions/TELA EVOLU��O COM RD47.bmp,v ENOENT
! /u2/cvs/testcomplete/scciwindows/COHABSC ANEXO I-B/Stores/Regions/TELA EVOLU��O RD47.bmp,v ENOENT
! /u2/cvs/testcomplete/scciwindows/COHABSC ANEXO I-B/Stores/Regions/TELA PLANILHA EVOLU��O PADR�O FCVS.bmp,v ENOENT
! /u2/cvs/testcomplete/scciwindows/COHABSC ANEXO I-B/Stores/Regions/TELA RELAT�RIO DE EVOLU��O PADR�O FCVS.bmp,v ENOENT
! /u2/cvs/testeconv/arqs/leglink/C�lculo da primeira presta��o no plano 101-PME TP.html,v ENOENT
! /u2/cvs/testeconv/arqs/leglink/C�lculo da primeira presta��o no plano 102-PME SAC.html,v ENOENT
! /u2/cvs/testeconv/arqs/leglink/C�lculo da primeira presta��o no plano 11-PES TP.html,v ENOENT
! /u2/cvs/testeconv/arqs/leglink/C�lculo da primeira presta��o no plano 111-GEN TP.html,v ENOENT
! /u2/cvs/testeconv/arqs/leglink/C�lculo da primeira presta��o no plano 112-GEN SAC.html,v ENOENT
! /u2/cvs/testeconv/arqs/leglink/C�lculo da primeira presta��o no plano 116-GEN SACRE.html,v ENOENT
! /u2/cvs/testeconv/arqs/leglink/C�lculo da primeira presta��o no plano 12-PES SAC.html,v ENOENT
! /u2/cvs/testeconv/arqs/leglink/C�lculo da primeira presta��o no plano 126-PR SACRE.html,v ENOENT
! /u2/cvs/testeconv/arqs/leglink/C�lculo da primeira presta��o no plano 13-PES SAM.html,v ENOENT
! /u2/cvs/testeconv/arqs/leglink/C�lculo da primeira presta��o no plano 131-PJF TP.html,v ENOENT
! /u2/cvs/testeconv/arqs/leglink/C�lculo da primeira presta��o no plano 14-PES SIMC.html,v ENOENT
! /u2/cvs/testeconv/arqs/leglink/C�lculo da primeira presta��o no plano 15-PES GRAD.html,v ENOENT
! /u2/cvs/testeconv/arqs/leglink/C�lculo da primeira presta��o no plano 16-PES SACRE.html,v ENOENT
! /u2/cvs/testeconv/arqs/leglink/C�lculo da primeira presta��o no plano 19-Plano A.html,v ENOENT
! /u2/cvs/testeconv/arqs/leglink/C�lculo da primeira presta��o no plano 21-PCM TP.html,v ENOENT
! /u2/cvs/testeconv/arqs/leglink/C�lculo da primeira presta��o no plano 22-PCM SAC.html,v ENOENT
! /u2/cvs/testeconv/arqs/leglink/C�lculo da primeira presta��o no plano 23-PCM SAM.html,v ENOENT
! /u2/cvs/testeconv/arqs/leglink/C�lculo da primeira presta��o no plano 31-URP TP.html,v ENOENT
! /u2/cvs/testeconv/arqs/leglink/C�lculo da primeira presta��o no plano 41-PAM TP.html,v ENOENT
! /u2/cvs/testeconv/arqs/leglink/C�lculo da primeira presta��o no plano 42-PAM SAC.html,v ENOENT
! /u2/cvs/testeconv/arqs/leglink/C�lculo da primeira presta��o no plano 46-PAM SACRE.html,v ENOENT
! /u2/cvs/testeconv/arqs/leglink/C�lculo da primeira presta��o no plano 51-PET TP.html,v ENOENT
! /u2/cvs/testeconv/arqs/leglink/C�lculo da primeira presta��o no plano 61-HIP TP.html,v ENOENT
! /u2/cvs/testeconv/arqs/leglink/C�lculo da primeira presta��o no plano 71-PCR TP.html,v ENOENT
! /u2/cvs/testeconv/arqs/leglink/C�lculo da primeira presta��o no plano 72-PCR SAC.html,v ENOENT
! /u2/cvs/testeconv/arqs/leglink/C�lculo da primeira presta��o no plano 76-PCR SACRE.html,v ENOENT
! /u2/cvs/testeconv/arqs/leglink/C�lculo da primeira presta��o no plano 81-PCS TP.html,v ENOENT
! /u2/cvs/testeconv/arqs/leglink/C�lculo da primeira presta��o no plano 86-PCS SACRE.html,v ENOENT
! /u2/cvs/testeconv/arqs/leglink/C�lculo da primeira presta��o no plano 91-TOC TP.html,v ENOENT
! /u2/cvs/testeconv/arqs/leglink/C�lculo da primeira presta��o no plano 98-Aluguel.html,v ENOENT
# /u2/cvs/testeconv/batches/Cont�beis ENOENT
! /u2/cvs/testeconv/doc/Im�veis Vagos - Cont�bil - An�lise.doc,v ENOENT
! /u2/cvs/testeconv/doc/Projeto Futura Aquisi��o.rtf,v ENOENT
! /u2/cvs/testeconv/doc/Projeto Implementa��o de contrato de S�ries no SCCI.rtf,v ENOENT
! /u2/cvs/testeconv/doc/Roteiro de teste de vers�o para o SCCI.doc,v ENOENT
# /u2/cvs/testeconv/manuais/implanta��o ENOENT
# /u2/cvs/testeconv/manuais/relat�rios ENOENT
# /u2/cvs/testeconv/manuais/usu�rio ENOENT
! /u2/cvs/testeconv/mod27/Plano/plano Cont�bilCEF.rtf,v ENOENT
! /u2/cvs/testeconv/mod31/requisitos/Cobran�a Gen�rica de Taxas nas emiss�es de 1a e 2.doc,v ENOENT
! /u2/cvs/testeconv/originacaoweb/domus/images/info - C�pia.gif,v ENOENT
! /u2/cvs/testeconv/originacaoweb/domus/images/info - C�pia.gif,v ENOENT
! /u2/cvs/testeconv/originacaoweb/prognum/images/info - C�pia.gif,v ENOENT
